
> backend@0.0.1 build
> nest build

Found 10 error(s).

node.exe : [96msrc/applications/applications.service.ts[0m:[93m95[0m:[93m35[0m - [91merror[0m[90m TS2554: 
[0mExpected 2 arguments, but got 1.
At line:1 char:1
+ & "C:\Program Files\nodejs/node.exe" "C:\Program Files\nodejs/node_mo ...
+ ~~~~~~~~~~~~~~~~~~~~~~~~~~~~~~~~~~~~~~~~~~~~~~~~~~~~~~~~~~~~~~~~~~~~~
    + CategoryInfo          : NotSpecified: ([96msrc/applic...nts, but got 1.:String) [], RemoteException
    + FullyQualifiedErrorId : NativeCommandError
 

[7m95[0m             await this.cloudflare.createAccessPolicy({
[7m  [0m [91m                                  ~~~~~~~~~~~~~~~~~~[0m

  [96msrc/cloudflare/cloudflare.service.ts[0m:[93m381[0m:[93m43[0m
    [7m381[0m   async createAccessPolicy(appId: string, data: any): Promise<CloudflareResponse<any>> {
    [7m   [0m [96m                                          ~~~~~~~~~[0m
    An argument for 'data' was not provided.
[96msrc/dashboard/dashboard.service.ts[0m:[93m33[0m:[93m53[0m - [91merror[0m[90m TS2339: [0mProperty 
'result' does not exist on type 'CloudflareResponse<any[]>'.

[7m33[0m         this.deviceCount = Array.isArray(cfDevices?.result) ? cfDevices.result.length : 0;
[7m  [0m [91m                                                    ~~~~~~[0m
[96msrc/dashboard/dashboard.service.ts[0m:[93m33[0m:[93m73[0m - [91merror[0m[90m TS2339: [0mProperty 
'result' does not exist on type 'CloudflareResponse<any[]>'.

[7m33[0m         this.deviceCount = Array.isArray(cfDevices?.result) ? cfDevices.result.length : 0;
[7m  [0m [91m                                                                        ~~~~~~[0m
[96msrc/dashboard/dashboard.service.ts[0m:[93m34[0m:[93m53[0m - [91merror[0m[90m TS2339: [0mProperty 
'result' does not exist on type 'CloudflareResponse<any[]>'.

[7m34[0m         this.tunnelCount = Array.isArray(cfTunnels?.result) ? cfTunnels.result.length : 0;
[7m  [0m [91m                                                    ~~~~~~[0m
[96msrc/dashboard/dashboard.service.ts[0m:[93m34[0m:[93m73[0m - [91merror[0m[90m TS2339: [0mProperty 
'result' does not exist on type 'CloudflareResponse<any[]>'.

[7m34[0m         this.tunnelCount = Array.isArray(cfTunnels?.result) ? cfTunnels.result.length : 0;
[7m  [0m [91m                                                                        ~~~~~~[0m
[96msrc/policies/policies.service.ts[0m:[93m9[0m:[93m46[0m - [91merror[0m[90m TS2345: [0mArgument of type 
'number | undefined' is not assignable to parameter of type 'string'.
  Type 'undefined' is not assignable to type 'string'.

[7m9[0m     return this.cloudflare.getAccessPolicies(page, per_page);
[7m [0m [91m                                             ~~~~[0m
[96msrc/policies/policies.service.ts[0m:[93m13[0m:[93m28[0m - [91merror[0m[90m TS2554: [0mExpected 2 
arguments, but got 1.

[7m13[0m     return this.cloudflare.getAccessPolicy(id);
[7m  [0m [91m                           ~~~~~~~~~~~~~~~[0m

  [96msrc/cloudflare/cloudflare.service.ts[0m:[93m485[0m:[93m40[0m
    [7m485[0m   async getAccessPolicy(appId: string, policyId: string) {
    [7m   [0m [96m                                       ~~~~~~~~~~~~~~~~[0m
    An argument for 'policyId' was not provided.
[96msrc/policies/policies.service.ts[0m:[93m17[0m:[93m28[0m - [91merror[0m[90m TS2554: [0mExpected 2 
arguments, but got 1.

[7m17[0m     return this.cloudflare.deleteAccessPolicy(id);
[7m  [0m [91m                           ~~~~~~~~~~~~~~~~~~[0m

  [96msrc/cloudflare/cloudflare.service.ts[0m:[93m554[0m:[93m43[0m
    [7m554[0m   async deleteAccessPolicy(appId: string, policyId: string) {
    [7m   [0m [96m                                          ~~~~~~~~~~~~~~~~[0m
    An argument for 'policyId' was not provided.
[96msrc/tunnels/tunnels.service.ts[0m:[93m129[0m:[93m37[0m - [91merror[0m[90m TS2339: [0mProperty 'length' 
does not exist on type '{}'.

[7m129[0m     const isConnected = connections.length > 0;
[7m   [0m [91m                                    ~~~~~~[0m
[96msrc/tunnels/tunnels.service.ts[0m:[93m134[0m:[93m7[0m - [91merror[0m[90m TS2740: [0mType '{}' is missing 
the following properties from type 'any[]': length, pop, push, concat, and 35 more.

[7m134[0m       connections,
[7m   [0m [91m      ~~~~~~~~~~~[0m

  [96msrc/tunnels/tunnels.service.ts[0m:[93m125[0m:[93m5[0m
    [7m125[0m     connections: any[];
    [7m   [0m [96m    ~~~~~~~~~~~[0m
    The expected type comes from property 'connections' which is declared here on type '{ id: string; cfTunnelId: 
string; status: "CONNECTED" | "DISCONNECTED"; connections: any[]; }'

